// Jest Snapshot v1, https://goo.gl/fbAQLP

exports[`TournamentList Should render as expected 1`] = `[Function]`;
