// Jest Snapshot v1, https://goo.gl/fbAQLP

exports[`templates/App Should render as expected 1`] = `ShallowWrapper {}`;
